Unable to get property 'result' of undefined or null reference
Unable to set property 'src' of undefined or null reference
The code on this page disabled back and forward caching. For more information, see: http://go.microsoft.com/fwlink/?LinkID=291337
Unable to set property 'src' of undefined or null reference
The code on this page disabled back and forward caching. For more information, see: http://go.microsoft.com/fwlink/?LinkID=291337
Unable to set property 'src' of undefined or null reference
The code on this page disabled back and forward caching. For more information, see: http://go.microsoft.com/fwlink/?LinkID=291337
Unable to set property 'src' of undefined or null reference
The code on this page disabled back and forward caching. For more information, see: http://go.microsoft.com/fwlink/?LinkID=291337
